// Jest Snapshot v1, https://goo.gl/fbAQLP

exports[`calendario_render_test 1`] = `
Object {
  "asFragment": [Function],
  "baseElement": <body>
    <div>
      <p
        class="mountTitle"
      >
         Noviembre - 2022
      </p>
      <table
        class="table"
      >
        <thead>
          <tr>
            <th>
              Lunes
            </th>
            <th>
              Martes
            </th>
            <th>
              Miércoles
            </th>
            <th>
              Jueves
            </th>
            <th>
              Viernes
            </th>
            <th>
              Sábado
            </th>
            <th>
              Domingo
            </th>
          </tr>
        </thead>
        <tbody>
          <tr>
            <td
              class="in-prev-month "
            >
              31
            </td>
            <td
              class="in-this-month "
            >
              1
            </td>
            <td
              class="in-this-month "
            >
              2
            </td>
            <td
              class="in-this-month "
            >
              3
            </td>
            <td
              class="in-this-month "
            >
              4
            </td>
            <td
              class="in-this-month today"
            >
              5
            </td>
            <td
              class="in-this-month "
            >
              6
            </td>
          </tr>
          <tr>
            <td
              class="in-this-month "
            >
              7
            </td>
            <td
              class="in-this-month "
            >
              8
            </td>
            <td
              class="in-this-month "
            >
              9
            </td>
            <td
              class="in-this-month "
            >
              10
            </td>
            <td
              class="in-this-month "
            >
              11
            </td>
            <td
              class="in-this-month "
            >
              12
            </td>
            <td
              class="in-this-month "
            >
              13
            </td>
          </tr>
          <tr>
            <td
              class="in-this-month "
            >
              14
            </td>
            <td
              class="in-this-month "
            >
              15
            </td>
            <td
              class="in-this-month "
            >
              16
            </td>
            <td
              class="in-this-month "
            >
              17
            </td>
            <td
              class="in-this-month "
            >
              18
            </td>
            <td
              class="in-this-month "
            >
              19
            </td>
            <td
              class="in-this-month "
            >
              20
            </td>
          </tr>
          <tr>
            <td
              class="in-this-month "
            >
              21
            </td>
            <td
              class="in-this-month "
            >
              22
            </td>
            <td
              class="in-this-month "
            >
              23
            </td>
            <td
              class="in-this-month "
            >
              24
            </td>
            <td
              class="in-this-month "
            >
              25
            </td>
            <td
              class="in-this-month "
            >
              26
            </td>
            <td
              class="in-this-month "
            >
              27
            </td>
          </tr>
          <tr>
            <td
              class="in-this-month "
            >
              28
            </td>
            <td
              class="in-this-month "
            >
              29
            </td>
            <td
              class="in-this-month "
            >
              30
            </td>
            <td
              class="in-next-month "
            >
              1
            </td>
            <td
              class="in-next-month "
            >
              2
            </td>
            <td
              class="in-next-month "
            >
              3
            </td>
            <td
              class="in-next-month "
            >
              4
            </td>
          </tr>
          <tr>
            <td
              class="in-next-month "
            >
              5
            </td>
            <td
              class="in-next-month "
            >
              6
            </td>
            <td
              class="in-next-month "
            >
              7
            </td>
            <td
              class="in-next-month "
            >
              8
            </td>
            <td
              class="in-next-month "
            >
              9
            </td>
            <td
              class="in-next-month "
            >
              10
            </td>
            <td
              class="in-next-month "
            >
              11
            </td>
          </tr>
        </tbody>
      </table>
      <div
        class="megacontenedordebotones8000"
      >
        <button
          class="buttonControl"
          type="button"
        >
          Previo
        </button>
        <button
          class="buttonControl"
          type="button"
        >
          Siguiente
        </button>
      </div>
    </div>
  </body>,
  "container": <div>
    <p
      class="mountTitle"
    >
       Noviembre - 2022
    </p>
    <table
      class="table"
    >
      <thead>
        <tr>
          <th>
            Lunes
          </th>
          <th>
            Martes
          </th>
          <th>
            Miércoles
          </th>
          <th>
            Jueves
          </th>
          <th>
            Viernes
          </th>
          <th>
            Sábado
          </th>
          <th>
            Domingo
          </th>
        </tr>
      </thead>
      <tbody>
        <tr>
          <td
            class="in-prev-month "
          >
            31
          </td>
          <td
            class="in-this-month "
          >
            1
          </td>
          <td
            class="in-this-month "
          >
            2
          </td>
          <td
            class="in-this-month "
          >
            3
          </td>
          <td
            class="in-this-month "
          >
            4
          </td>
          <td
            class="in-this-month today"
          >
            5
          </td>
          <td
            class="in-this-month "
          >
            6
          </td>
        </tr>
        <tr>
          <td
            class="in-this-month "
          >
            7
          </td>
          <td
            class="in-this-month "
          >
            8
          </td>
          <td
            class="in-this-month "
          >
            9
          </td>
          <td
            class="in-this-month "
          >
            10
          </td>
          <td
            class="in-this-month "
          >
            11
          </td>
          <td
            class="in-this-month "
          >
            12
          </td>
          <td
            class="in-this-month "
          >
            13
          </td>
        </tr>
        <tr>
          <td
            class="in-this-month "
          >
            14
          </td>
          <td
            class="in-this-month "
          >
            15
          </td>
          <td
            class="in-this-month "
          >
            16
          </td>
          <td
            class="in-this-month "
          >
            17
          </td>
          <td
            class="in-this-month "
          >
            18
          </td>
          <td
            class="in-this-month "
          >
            19
          </td>
          <td
            class="in-this-month "
          >
            20
          </td>
        </tr>
        <tr>
          <td
            class="in-this-month "
          >
            21
          </td>
          <td
            class="in-this-month "
          >
            22
          </td>
          <td
            class="in-this-month "
          >
            23
          </td>
          <td
            class="in-this-month "
          >
            24
          </td>
          <td
            class="in-this-month "
          >
            25
          </td>
          <td
            class="in-this-month "
          >
            26
          </td>
          <td
            class="in-this-month "
          >
            27
          </td>
        </tr>
        <tr>
          <td
            class="in-this-month "
          >
            28
          </td>
          <td
            class="in-this-month "
          >
            29
          </td>
          <td
            class="in-this-month "
          >
            30
          </td>
          <td
            class="in-next-month "
          >
            1
          </td>
          <td
            class="in-next-month "
          >
            2
          </td>
          <td
            class="in-next-month "
          >
            3
          </td>
          <td
            class="in-next-month "
          >
            4
          </td>
        </tr>
        <tr>
          <td
            class="in-next-month "
          >
            5
          </td>
          <td
            class="in-next-month "
          >
            6
          </td>
          <td
            class="in-next-month "
          >
            7
          </td>
          <td
            class="in-next-month "
          >
            8
          </td>
          <td
            class="in-next-month "
          >
            9
          </td>
          <td
            class="in-next-month "
          >
            10
          </td>
          <td
            class="in-next-month "
          >
            11
          </td>
        </tr>
      </tbody>
    </table>
    <div
      class="megacontenedordebotones8000"
    >
      <button
        class="buttonControl"
        type="button"
      >
        Previo
      </button>
      <button
        class="buttonControl"
        type="button"
      >
        Siguiente
      </button>
    </div>
  </div>,
  "debug": [Function],
  "findAllByAltText": [Function],
  "findAllByDisplayValue": [Function],
  "findAllByLabelText": [Function],
  "findAllByPlaceholderText": [Function],
  "findAllByRole": [Function],
  "findAllByTestId": [Function],
  "findAllByText": [Function],
  "findAllByTitle": [Function],
  "findByAltText": [Function],
  "findByDisplayValue": [Function],
  "findByLabelText": [Function],
  "findByPlaceholderText": [Function],
  "findByRole": [Function],
  "findByTestId": [Function],
  "findByText": [Function],
  "findByTitle": [Function],
  "getAllByAltText": [Function],
  "getAllByDisplayValue": [Function],
  "getAllByLabelText": [Function],
  "getAllByPlaceholderText": [Function],
  "getAllByRole": [Function],
  "getAllByTestId": [Function],
  "getAllByText": [Function],
  "getAllByTitle": [Function],
  "getByAltText": [Function],
  "getByDisplayValue": [Function],
  "getByLabelText": [Function],
  "getByPlaceholderText": [Function],
  "getByRole": [Function],
  "getByTestId": [Function],
  "getByText": [Function],
  "getByTitle": [Function],
  "queryAllByAltText": [Function],
  "queryAllByDisplayValue": [Function],
  "queryAllByLabelText": [Function],
  "queryAllByPlaceholderText": [Function],
  "queryAllByRole": [Function],
  "queryAllByTestId": [Function],
  "queryAllByText": [Function],
  "queryAllByTitle": [Function],
  "queryByAltText": [Function],
  "queryByDisplayValue": [Function],
  "queryByLabelText": [Function],
  "queryByPlaceholderText": [Function],
  "queryByRole": [Function],
  "queryByTestId": [Function],
  "queryByText": [Function],
  "queryByTitle": [Function],
  "rerender": [Function],
  "unmount": [Function],
}
`;
